// Vitest Snapshot v1, https://vitest.dev/guide/snapshot.html

exports[`snapshot 1`] = `
[
  <div
    aria-label={null}
    aria-labelledby={null}
    className=""
    data-mui-internal-clone-element={true}
    onBlur={[Function]}
    onFocus={[Function]}
    onMouseLeave={[Function]}
    onMouseOver={[Function]}
    onTouchEnd={[Function]}
    onTouchStart={[Function]}
  >
    <style
      dangerouslySetInnerHTML={
        {
          "__html": ".css-mt3xud{box-shadow:0 8px 17px 2px rgba(0, 0, 0, 0.14),0 3px 14px 2px rgba(0, 0, 0, 0.12),0 5px 5px -3px rgba(0, 0, 0, 0.2);border:1px solid black;display:block;}",
        }
      }
      data-emotion="css mt3xud"
    />
    <img
      className="css-mt3xud"
      src="https://steamcdn-a.akamaihd.net/steamcommunity/public/images/apps/102600/da371af592225df340dee76602a585d282197bc7.jpg"
      style={
        {
          "height": 64,
          "width": 64,
        }
      }
    />
  </div>,
  <style
    dangerouslySetInnerHTML={
      {
        "__html": ".css-gq6qa3-MuiTooltip-popper{z-index:1500;pointer-events:none;pointer-events:auto;pointer-events:none;}.css-gq6qa3-MuiTooltip-popper[data-popper-placement*="bottom"] .MuiTooltip-arrow{top:0;margin-top:-0.71em;}.css-gq6qa3-MuiTooltip-popper[data-popper-placement*="bottom"] .MuiTooltip-arrow::before{transform-origin:0 100%;}.css-gq6qa3-MuiTooltip-popper[data-popper-placement*="top"] .MuiTooltip-arrow{bottom:0;margin-bottom:-0.71em;}.css-gq6qa3-MuiTooltip-popper[data-popper-placement*="top"] .MuiTooltip-arrow::before{transform-origin:100% 0;}.css-gq6qa3-MuiTooltip-popper[data-popper-placement*="right"] .MuiTooltip-arrow{height:1em;width:0.71em;}.css-gq6qa3-MuiTooltip-popper[data-popper-placement*="right"] .MuiTooltip-arrow::before{transform-origin:100% 100%;}.css-gq6qa3-MuiTooltip-popper[data-popper-placement*="left"] .MuiTooltip-arrow{height:1em;width:0.71em;}.css-gq6qa3-MuiTooltip-popper[data-popper-placement*="left"] .MuiTooltip-arrow::before{transform-origin:0 0;}.css-gq6qa3-MuiTooltip-popper[data-popper-placement*="right"] .MuiTooltip-arrow{left:0;margin-left:-0.71em;}.css-gq6qa3-MuiTooltip-popper[data-popper-placement*="left"] .MuiTooltip-arrow{right:0;margin-right:-0.71em;}",
      }
    }
    data-emotion="css gq6qa3-MuiTooltip-popper"
  />,
  <style
    dangerouslySetInnerHTML={
      {
        "__html": ".css-s8pgp9-MuiPopper-root-MuiTooltip-popper{z-index:1500;pointer-events:none;pointer-events:auto;pointer-events:none;}.css-s8pgp9-MuiPopper-root-MuiTooltip-popper[data-popper-placement*="bottom"] .MuiTooltip-arrow{top:0;margin-top:-0.71em;}.css-s8pgp9-MuiPopper-root-MuiTooltip-popper[data-popper-placement*="bottom"] .MuiTooltip-arrow::before{transform-origin:0 100%;}.css-s8pgp9-MuiPopper-root-MuiTooltip-popper[data-popper-placement*="top"] .MuiTooltip-arrow{bottom:0;margin-bottom:-0.71em;}.css-s8pgp9-MuiPopper-root-MuiTooltip-popper[data-popper-placement*="top"] .MuiTooltip-arrow::before{transform-origin:100% 0;}.css-s8pgp9-MuiPopper-root-MuiTooltip-popper[data-popper-placement*="right"] .MuiTooltip-arrow{height:1em;width:0.71em;}.css-s8pgp9-MuiPopper-root-MuiTooltip-popper[data-popper-placement*="right"] .MuiTooltip-arrow::before{transform-origin:100% 100%;}.css-s8pgp9-MuiPopper-root-MuiTooltip-popper[data-popper-placement*="left"] .MuiTooltip-arrow{height:1em;width:0.71em;}.css-s8pgp9-MuiPopper-root-MuiTooltip-popper[data-popper-placement*="left"] .MuiTooltip-arrow::before{transform-origin:0 0;}.css-s8pgp9-MuiPopper-root-MuiTooltip-popper[data-popper-placement*="right"] .MuiTooltip-arrow{left:0;margin-left:-0.71em;}.css-s8pgp9-MuiPopper-root-MuiTooltip-popper[data-popper-placement*="left"] .MuiTooltip-arrow{right:0;margin-right:-0.71em;}",
      }
    }
    data-emotion="css s8pgp9-MuiPopper-root-MuiTooltip-popper"
  />,
]
`;

exports[`snapshot 2`] = `
[
  <div
    aria-label={null}
    aria-labelledby={null}
    className=""
    data-mui-internal-clone-element={true}
    onBlur={[Function]}
    onFocus={[Function]}
    onMouseLeave={[Function]}
    onMouseOver={[Function]}
    onTouchEnd={[Function]}
    onTouchStart={[Function]}
  >
    <style
      dangerouslySetInnerHTML={
        {
          "__html": ".css-mt3xud{box-shadow:0 8px 17px 2px rgba(0, 0, 0, 0.14),0 3px 14px 2px rgba(0, 0, 0, 0.12),0 5px 5px -3px rgba(0, 0, 0, 0.2);border:1px solid black;display:block;}",
        }
      }
      data-emotion="css mt3xud"
    />
    <img
      className="css-mt3xud"
      src="https://steamcdn-a.akamaihd.net/steamcommunity/public/images/apps/102600/e6241e91c24d64c878fbcc339cd542e1c7216d0d.jpg"
      style={
        {
          "height": 64,
          "width": 64,
        }
      }
    />
  </div>,
  <style
    dangerouslySetInnerHTML={
      {
        "__html": ".css-gq6qa3-MuiTooltip-popper{z-index:1500;pointer-events:none;pointer-events:auto;pointer-events:none;}.css-gq6qa3-MuiTooltip-popper[data-popper-placement*="bottom"] .MuiTooltip-arrow{top:0;margin-top:-0.71em;}.css-gq6qa3-MuiTooltip-popper[data-popper-placement*="bottom"] .MuiTooltip-arrow::before{transform-origin:0 100%;}.css-gq6qa3-MuiTooltip-popper[data-popper-placement*="top"] .MuiTooltip-arrow{bottom:0;margin-bottom:-0.71em;}.css-gq6qa3-MuiTooltip-popper[data-popper-placement*="top"] .MuiTooltip-arrow::before{transform-origin:100% 0;}.css-gq6qa3-MuiTooltip-popper[data-popper-placement*="right"] .MuiTooltip-arrow{height:1em;width:0.71em;}.css-gq6qa3-MuiTooltip-popper[data-popper-placement*="right"] .MuiTooltip-arrow::before{transform-origin:100% 100%;}.css-gq6qa3-MuiTooltip-popper[data-popper-placement*="left"] .MuiTooltip-arrow{height:1em;width:0.71em;}.css-gq6qa3-MuiTooltip-popper[data-popper-placement*="left"] .MuiTooltip-arrow::before{transform-origin:0 0;}.css-gq6qa3-MuiTooltip-popper[data-popper-placement*="right"] .MuiTooltip-arrow{left:0;margin-left:-0.71em;}.css-gq6qa3-MuiTooltip-popper[data-popper-placement*="left"] .MuiTooltip-arrow{right:0;margin-right:-0.71em;}",
      }
    }
    data-emotion="css gq6qa3-MuiTooltip-popper"
  />,
  <style
    dangerouslySetInnerHTML={
      {
        "__html": ".css-s8pgp9-MuiPopper-root-MuiTooltip-popper{z-index:1500;pointer-events:none;pointer-events:auto;pointer-events:none;}.css-s8pgp9-MuiPopper-root-MuiTooltip-popper[data-popper-placement*="bottom"] .MuiTooltip-arrow{top:0;margin-top:-0.71em;}.css-s8pgp9-MuiPopper-root-MuiTooltip-popper[data-popper-placement*="bottom"] .MuiTooltip-arrow::before{transform-origin:0 100%;}.css-s8pgp9-MuiPopper-root-MuiTooltip-popper[data-popper-placement*="top"] .MuiTooltip-arrow{bottom:0;margin-bottom:-0.71em;}.css-s8pgp9-MuiPopper-root-MuiTooltip-popper[data-popper-placement*="top"] .MuiTooltip-arrow::before{transform-origin:100% 0;}.css-s8pgp9-MuiPopper-root-MuiTooltip-popper[data-popper-placement*="right"] .MuiTooltip-arrow{height:1em;width:0.71em;}.css-s8pgp9-MuiPopper-root-MuiTooltip-popper[data-popper-placement*="right"] .MuiTooltip-arrow::before{transform-origin:100% 100%;}.css-s8pgp9-MuiPopper-root-MuiTooltip-popper[data-popper-placement*="left"] .MuiTooltip-arrow{height:1em;width:0.71em;}.css-s8pgp9-MuiPopper-root-MuiTooltip-popper[data-popper-placement*="left"] .MuiTooltip-arrow::before{transform-origin:0 0;}.css-s8pgp9-MuiPopper-root-MuiTooltip-popper[data-popper-placement*="right"] .MuiTooltip-arrow{left:0;margin-left:-0.71em;}.css-s8pgp9-MuiPopper-root-MuiTooltip-popper[data-popper-placement*="left"] .MuiTooltip-arrow{right:0;margin-right:-0.71em;}",
      }
    }
    data-emotion="css s8pgp9-MuiPopper-root-MuiTooltip-popper"
  />,
]
`;
